Creating json from Arrow format:   0%|          | 0/4 [00:00<?, ?ba/s]Creating json from Arrow format:  75%|███████▌  | 3/4 [00:00<00:00, 23.27ba/s]Creating json from Arrow format: 100%|██████████| 4/4 [00:00<00:00, 30.31ba/s]
Creating json from Arrow format:   0%|          | 0/7 [00:00<?, ?ba/s]Creating json from Arrow format:  57%|█████▋    | 4/7 [00:00<00:00, 34.22ba/s]Creating json from Arrow format: 100%|██████████| 7/7 [00:00<00:00, 39.07ba/s]
Generating train split: 0 examples [00:00, ? examples/s]Generating train split: 3066 examples [00:00, 30405.94 examples/s]
Your Tinker SDK version is outdated. Please upgrade to the latest version.
Synchronous method 'ServiceClient.create_lora_training_client()' called from async context. Use 'ServiceClient.create_lora_training_client_async()' instead.
Calling sync methods from async code can cause deadlocks and performance issues.
===== Stack for calling sync from async ===== 
['  File "<frozen runpy>", line 198, in _run_module_as_main\n', '  File "<frozen runpy>", line 88, in _run_code\n', '  File "/scratch/users/batuel/documents/molochs-bargain/new_experiments/src/train.py", line 179, in <module>\n    main()\n', '  File "/scratch/users/batuel/documents/molochs-bargain/new_experiments/src/train.py", line 175, in main\n    asyncio.run(_train_one(task, model_name, method, args.batch_size, args.save_every))\n', '  File "/scratch/users/batuel/miniconda3/envs/tinker311/lib/python3.11/asyncio/runners.py", line 190, in run\n    return runner.run(main)\n', '  File "/scratch/users/batuel/miniconda3/envs/tinker311/lib/python3.11/asyncio/runners.py", line 118, in run\n    return self._loop.run_until_complete(task)\n', '  File "/scratch/users/batuel/miniconda3/envs/tinker311/lib/python3.11/asyncio/base_events.py", line 641, in run_until_complete\n    self.run_forever()\n', '  File "/scratch/users/batuel/miniconda3/envs/tinker311/lib/python3.11/asyncio/base_events.py", line 608, in run_forever\n    self._run_once()\n', '  File "/scratch/users/batuel/miniconda3/envs/tinker311/lib/python3.11/asyncio/base_events.py", line 1936, in _run_once\n    handle._run()\n', '  File "/scratch/users/batuel/miniconda3/envs/tinker311/lib/python3.11/asyncio/events.py", line 84, in _run\n    self._context.run(self._callback, *self._args)\n', '  File "/scratch/users/batuel/documents/molochs-bargain/new_experiments/src/train.py", line 93, in _train_one\n    training_client = create_lora_training_client(model_name=model_name, rank=LORA_RANK)\n', '  File "/scratch/users/batuel/documents/molochs-bargain/new_experiments/src/tinker_utils.py", line 215, in create_lora_training_client\n    return get_service_client().create_lora_training_client(base_model=model_name, rank=rank)\n', '  File "/scratch/users/batuel/miniconda3/envs/tinker311/lib/python3.11/site-packages/tinker/lib/sync_only.py", line 72, in wrapper\n    f"===== Stack for calling sync from async ===== \\n{traceback.format_stack()}\\n ==========="\n']
 ===========
Generating train split: 0 examples [00:00, ? examples/s]Generating train split: 6132 examples [00:00, 74082.37 examples/s]
Synchronous method 'ServiceClient.create_lora_training_client()' called from async context. Use 'ServiceClient.create_lora_training_client_async()' instead.
Calling sync methods from async code can cause deadlocks and performance issues.
===== Stack for calling sync from async ===== 
['  File "<frozen runpy>", line 198, in _run_module_as_main\n', '  File "<frozen runpy>", line 88, in _run_code\n', '  File "/scratch/users/batuel/documents/molochs-bargain/new_experiments/src/train.py", line 179, in <module>\n    main()\n', '  File "/scratch/users/batuel/documents/molochs-bargain/new_experiments/src/train.py", line 175, in main\n    asyncio.run(_train_one(task, model_name, method, args.batch_size, args.save_every))\n', '  File "/scratch/users/batuel/miniconda3/envs/tinker311/lib/python3.11/asyncio/runners.py", line 190, in run\n    return runner.run(main)\n', '  File "/scratch/users/batuel/miniconda3/envs/tinker311/lib/python3.11/asyncio/runners.py", line 118, in run\n    return self._loop.run_until_complete(task)\n', '  File "/scratch/users/batuel/miniconda3/envs/tinker311/lib/python3.11/asyncio/base_events.py", line 641, in run_until_complete\n    self.run_forever()\n', '  File "/scratch/users/batuel/miniconda3/envs/tinker311/lib/python3.11/asyncio/base_events.py", line 608, in run_forever\n    self._run_once()\n', '  File "/scratch/users/batuel/miniconda3/envs/tinker311/lib/python3.11/asyncio/base_events.py", line 1936, in _run_once\n    handle._run()\n', '  File "/scratch/users/batuel/miniconda3/envs/tinker311/lib/python3.11/asyncio/events.py", line 84, in _run\n    self._context.run(self._callback, *self._args)\n', '  File "/scratch/users/batuel/documents/molochs-bargain/new_experiments/src/train.py", line 93, in _train_one\n    training_client = create_lora_training_client(model_name=model_name, rank=LORA_RANK)\n', '  File "/scratch/users/batuel/documents/molochs-bargain/new_experiments/src/tinker_utils.py", line 215, in create_lora_training_client\n    return get_service_client().create_lora_training_client(base_model=model_name, rank=rank)\n', '  File "/scratch/users/batuel/miniconda3/envs/tinker311/lib/python3.11/site-packages/tinker/lib/sync_only.py", line 72, in wrapper\n    f"===== Stack for calling sync from async ===== \\n{traceback.format_stack()}\\n ==========="\n']
 ===========
Generating train split: 0 examples [00:00, ? examples/s]Generating train split: 1024 examples [00:00, 84710.02 examples/s]
Your Tinker SDK version is outdated. Please upgrade to the latest version.
Creating json from Arrow format:   0%|          | 0/2 [00:00<?, ?ba/s]Creating json from Arrow format: 100%|██████████| 2/2 [00:00<00:00, 23.44ba/s]
Your Tinker SDK version is outdated. Please upgrade to the latest version.
Creating json from Arrow format:   0%|          | 0/2 [00:00<?, ?ba/s]Creating json from Arrow format: 100%|██████████| 2/2 [00:00<00:00, 24.36ba/s]
Creating json from Arrow format:   0%|          | 0/2 [00:00<?, ?ba/s]Creating json from Arrow format: 100%|██████████| 2/2 [00:00<00:00, 23.95ba/s]
